{
    "Run with profile test | --aligner dragmap | skip QC/recal/md": {
        "content": [
            7,
            {
                "BAM_TO_CRAM_MAPPING": {
                    "samtools": 1.21
                },
                "DRAGMAP_ALIGN": {
                    "dragmap": "1.2.1",
                    "samtools": "1.19.2",
                    "pigz": "2.3.4"
                },
                "INDEX_MERGE_BAM": {
                    "samtools": 1.21
                },
                "MERGE_BAM": {
                    "samtools": 1.21
                },
                "Workflow": {
                    "nf-core/sarek": "v3.6.0dev"
                }
            },
            [
                "create",
                "create/chr22_1-40001.bed",
                "csv",
                "csv/mapped.csv",
                "pipeline_info",
                "pipeline_info/nf_core_sarek_software_mqc_versions.yml",
                "preprocessing",
                "preprocessing/mapped",
                "preprocessing/mapped/test",
                "preprocessing/mapped/test/test.sorted.cram",
                "preprocessing/mapped/test/test.sorted.cram.crai",
                "tabix",
                "tabix/chr22_1-40001.bed.gz",
                "tabix/chr22_1-40001.bed.gz.tbi"
            ],
            [
                "chr22_1-40001.bed:md5,87a15eb9c2ff20ccd5cd8735a28708f7",
                "chr22_1-40001.bed.gz:md5,87a15eb9c2ff20ccd5cd8735a28708f7",
                "chr22_1-40001.bed.gz.tbi:md5,9acda76d1fbe214555a8193e5e5ded7e"
            ],
            [
                [
                    "test.sorted.cram",
                    "7088dc71e5390aec0dd9d778f4568297"
                ]
            ]
        ],
        "meta": {
            "nf-test": "0.9.2",
            "nextflow": "24.10.4"
        },
        "timestamp": "2025-01-24T11:52:25.541626232"
    }
}