{
    "Should run without failures": {
        "content": [
            "test.recal.table:md5,4ac774bf5f1157e77426fd82f5ac0fbe",
            "test.md.mosdepth.global.dist.txt:md5,76fa71922a3f748e507c2364c531dfcb",
            "test.md.mosdepth.region.dist.txt:md5,abc5df85e302b79985627888870882da",
            "test.md.mosdepth.summary.txt:md5,d536456436eb275159b8c6af83213d80",
            "test.md.regions.bed.gz:md5,38fe39894abe62e38f8ac214cba64f2b",
            "test.md.regions.bed.gz.csi:md5,b1c2a861f64e20a94108a6de3b76c582",
            "test.recal.mosdepth.global.dist.txt:md5,76fa71922a3f748e507c2364c531dfcb",
            "test.recal.mosdepth.region.dist.txt:md5,abc5df85e302b79985627888870882da",
            "test.recal.mosdepth.summary.txt:md5,d536456436eb275159b8c6af83213d80",
            "test.recal.regions.bed.gz:md5,38fe39894abe62e38f8ac214cba64f2b",
            "test.recal.regions.bed.gz.csi:md5,b1c2a861f64e20a94108a6de3b76c582",
            "test.strelka.variants.FILTER.summary:md5,dd87f507da7de20d5318841af312493b",
            "test.strelka.variants.TsTv.count:md5,fa27f678965b7cba6a92efcd039f802a",
            "test.strelka.variants.TsTv.qual:md5,bc68ae4e688e9fb772b457069e604883"
        ],
        "timestamp": "2023-01-18T18:39:49+0000"
    }
}